package internal

import ()

// MyType was auto-generated from WSDL.
type MyType struct {
	MyField string `xml:"my-field,omitempty" json:"my-field,omitempty" yaml:"my-field,omitempty"`
}
